[backblue.gif]
[fade.gif]
[index.html]
[swigo.dexignzone.com/xhtml/social-home.png]
[swigo.dexignzone.com/xhtml/assets/images/favicon.png]
[swigo.dexignzone.com/xhtml/assets/images/loading.gif]
[swigo.dexignzone.com/xhtml/assets/images/logo.png]
[swigo.dexignzone.com/xhtml/assets/images/shop/pic2.jpg]
[swigo.dexignzone.com/xhtml/assets/images/shop/pic3.jpg]
[swigo.dexignzone.com/xhtml/assets/images/shop/pic4.jpg]
[swigo.dexignzone.com/xhtml/assets/images/adv-media.jpg]
[swigo.dexignzone.com/xhtml/assets/images/main-slider/slider1/pic1.png]
[swigo.dexignzone.com/xhtml/assets/images/main-slider/slider1/img3.png]
[swigo.dexignzone.com/xhtml/assets/images/main-slider/slider1/img1.png]
[swigo.dexignzone.com/xhtml/assets/images/main-slider/slider1/img2.png]
[swigo.dexignzone.com/xhtml/assets/images/main-slider/slider1/thumb/pic1.jpg]
[swigo.dexignzone.com/xhtml/assets/images/main-slider/slider1/thumb/pic2.jpg]
[swigo.dexignzone.com/xhtml/assets/images/main-slider/slider1/thumb/pic3.jpg]
[swigo.dexignzone.com/xhtml/assets/images/gallery/small/pic1.jpg]
[swigo.dexignzone.com/xhtml/assets/images/gallery/small/pic2.jpg]
[swigo.dexignzone.com/xhtml/assets/images/gallery/small/pic3.jpg]
[swigo.dexignzone.com/xhtml/assets/images/gallery/small/pic4.jpg]
[swigo.dexignzone.com/xhtml/assets/images/background/pic2.png]
[swigo.dexignzone.com/xhtml/assets/images/background/pic3.png]
[swigo.dexignzone.com/xhtml/assets/images/gallery/grid2/pic2.jpg]
[swigo.dexignzone.com/xhtml/assets/images/gallery/grid2/pic5.jpg]
[swigo.dexignzone.com/xhtml/assets/images/gallery/grid2/pic4.jpg]
[swigo.dexignzone.com/xhtml/assets/images/gallery/grid2/pic6.jpg]
[swigo.dexignzone.com/xhtml/assets/images/gallery/grid/pic1.jpg]
[swigo.dexignzone.com/xhtml/assets/images/gallery/grid/pic2.jpg]
[swigo.dexignzone.com/xhtml/assets/images/gallery/grid/pic3.jpg]
[swigo.dexignzone.com/xhtml/assets/images/gallery/grid/pic4.jpg]
[swigo.dexignzone.com/xhtml/assets/images/background/pic4.png]
[swigo.dexignzone.com/xhtml/assets/images/gallery/grid2/pic1.jpg]
[swigo.dexignzone.com/xhtml/assets/images/gallery/grid2/pic3.jpg]
[swigo.dexignzone.com/xhtml/assets/images/background/pic1.png]
[swigo.dexignzone.com/xhtml/assets/images/testimonial/small/pic1.jpg]
[swigo.dexignzone.com/xhtml/assets/images/testimonial/small/pic2.jpg]
[swigo.dexignzone.com/xhtml/assets/images/testimonial/small/pic3.jpg]
[swigo.dexignzone.com/xhtml/assets/images/testimonial/small/pic4.jpg]
[swigo.dexignzone.com/xhtml/assets/images/testimonial/small/pic5.jpg]
[swigo.dexignzone.com/xhtml/assets/images/testimonial/small/pic6.jpg]
[swigo.dexignzone.com/xhtml/assets/images/team/pic1.jpg]
[swigo.dexignzone.com/xhtml/assets/images/team/pic2.jpg]
[swigo.dexignzone.com/xhtml/assets/images/team/pic3.jpg]
[swigo.dexignzone.com/xhtml/assets/images/team/pic4.jpg]
[swigo.dexignzone.com/xhtml/assets/images/blog/grid/pic1.jpg]
[swigo.dexignzone.com/xhtml/assets/images/blog/grid/pic2.jpg]
[swigo.dexignzone.com/xhtml/assets/images/blog/grid/pic3.jpg]
[swigo.dexignzone.com/xhtml/assets/images/blog/grid/pic4.jpg]
[swigo.dexignzone.com/xhtml/assets/images/background/pic5.png]
[swigo.dexignzone.com/xhtml/assets/images/background/pic6.png]
[swigo.dexignzone.com/xhtml/assets/js/jquery.min.js]
[swigo.dexignzone.com/xhtml/assets/vendor/bootstrap/js/bootstrap.bundle.min.js]
[swigo.dexignzone.com/xhtml/assets/vendor/bootstrap-select/js/bootstrap-select.min.js]
[swigo.dexignzone.com/xhtml/assets/vendor/magnific-popup/magnific-popup.js]
[swigo.dexignzone.com/xhtml/assets/vendor/counter/waypoints-min.js]
[swigo.dexignzone.com/xhtml/assets/vendor/wow/wow.js]
[swigo.dexignzone.com/xhtml/assets/vendor/counter/counterup.min.js]
[swigo.dexignzone.com/xhtml/assets/vendor/swiper/swiper-bundle.min.js]
[swigo.dexignzone.com/xhtml/assets/vendor/popper/popper.js]
[swigo.dexignzone.com/xhtml/assets/vendor/tempus-dominus/js/tempus-dominus.min.js]
[swigo.dexignzone.com/xhtml/assets/vendor/tilt/tilt.jquery.min.js]
[swigo.dexignzone.com/xhtml/assets/js/dz.carousel.min.js]
[swigo.dexignzone.com/xhtml/assets/js/dz.ajax.js]
[swigo.dexignzone.com/xhtml/assets/js/custom.min.js]
[swigo.dexignzone.com/xhtml/assets/js/dznav-init.js]
[swigo.dexignzone.com/xhtml/assets/vendor/rangeslider/rangeslider.js]
[swigo.dexignzone.com/xhtml/assets/vendor/switcher/switcher.js]
[swigo.dexignzone.com/xhtml/index.html]
[swigo.dexignzone.com/xhtml/assets/vendor/animate/animate.css]
[swigo.dexignzone.com/xhtml/assets/vendor/magnific-popup/magnific-popup.min.css]
[swigo.dexignzone.com/xhtml/assets/vendor/swiper/swiper-bundle.min.css]
[swigo.dexignzone.com/xhtml/assets/vendor/bootstrap-select/css/bootstrap-select.min.css]
[swigo.dexignzone.com/xhtml/assets/vendor/tempus-dominus/css/tempus-dominus.min.css]
[swigo.dexignzone.com/xhtml/assets/vendor/rangeslider/rangeslider.css]
[swigo.dexignzone.com/xhtml/assets/vendor/switcher/switcher.css]
[swigo.dexignzone.com/xhtml/assets/images/like.png]
[swigo.dexignzone.com/xhtml/assets/images/pan1.png]
[swigo.dexignzone.com/xhtml/assets/images/pan2.png]
[swigo.dexignzone.com/xhtml/assets/images/background/pic19.png]
[swigo.dexignzone.com/xhtml/assets/css/style.css]
[swigo.dexignzone.com/xhtml/social-image.png]
[swigo.dexignzone.com/xhtml/assets/images/logo2.png]
[swigo.dexignzone.com/xhtml/assets/images/banner/bnr1.jpg]
[swigo.dexignzone.com/xhtml/assets/images/modal/pic1.jpg]
[swigo.dexignzone.com/xhtml/assets/images/modal/mini/pic1.jpg]
[swigo.dexignzone.com/xhtml/assets/images/modal/mini/pic2.jpg]
[swigo.dexignzone.com/xhtml/assets/images/modal/mini/pic3.jpg]
[swigo.dexignzone.com/xhtml/assets/images/modal/mini/pic4.jpg]
[swigo.dexignzone.com/xhtml/assets/images/testimonial/mini/pic1.jpg]
[swigo.dexignzone.com/xhtml/assets/images/testimonial/mini/pic2.jpg]
[swigo.dexignzone.com/xhtml/assets/images/testimonial/mini/pic3.jpg]
[swigo.dexignzone.com/xhtml/assets/vendor/bootstrap-touchspin/bootstrap-touchspin.js]
[swigo.dexignzone.com/xhtml/assets/js/jquery.star-rating-svg.js]
[swigo.dexignzone.com/xhtml/product-detail.html]
[swigo.dexignzone.com/xhtml/assets/images/banner/bnr4.jpg]
[swigo.dexignzone.com/xhtml/assets/images/shop/pic1.jpg]
[swigo.dexignzone.com/xhtml/shop-cart.html]
[swigo.dexignzone.com/xhtml/assets/images/background/pic12.png]
[swigo.dexignzone.com/xhtml/assets/images/background/pic14.png]
[swigo.dexignzone.com/xhtml/our-menu-1.html]
[swigo.dexignzone.com/xhtml/social-home2.png]
[swigo.dexignzone.com/xhtml/assets/images/main-slider/slider2/bg1.jpg]
[swigo.dexignzone.com/xhtml/assets/images/main-slider/slider2/line.png]
[swigo.dexignzone.com/xhtml/assets/images/main-slider/slider2/pic1.png]
[swigo.dexignzone.com/xhtml/assets/images/main-slider/slider2/pic4.png]
[swigo.dexignzone.com/xhtml/assets/images/main-slider/slider2/bg2.jpg]
[swigo.dexignzone.com/xhtml/assets/images/main-slider/slider2/pic2.png]
[swigo.dexignzone.com/xhtml/assets/images/main-slider/slider2/bg3.jpg]
[swigo.dexignzone.com/xhtml/assets/images/main-slider/slider2/pic3.png]
[swigo.dexignzone.com/xhtml/assets/images/menu-small/pic1.png]
[swigo.dexignzone.com/xhtml/assets/images/menu-small/pic2.png]
[swigo.dexignzone.com/xhtml/assets/images/menu-small/pic3.png]
[swigo.dexignzone.com/xhtml/assets/images/menu-small/pic4.png]
[swigo.dexignzone.com/xhtml/assets/images/menu-small/pic5.png]
[swigo.dexignzone.com/xhtml/assets/images/menu-small/pic6.png]
[swigo.dexignzone.com/xhtml/assets/images/gallery/grid3/pic1.jpg]
[swigo.dexignzone.com/xhtml/assets/images/gallery/grid3/pic2.jpg]
[swigo.dexignzone.com/xhtml/assets/images/gallery/grid3/pic3.jpg]
[swigo.dexignzone.com/xhtml/assets/images/gallery/grid3/pic4.jpg]
[swigo.dexignzone.com/xhtml/assets/images/menu-small/grid/pic1.png]
[swigo.dexignzone.com/xhtml/assets/images/menu-small/grid/pic2.png]
[swigo.dexignzone.com/xhtml/assets/images/menu-small/grid/pic3.png]
[swigo.dexignzone.com/xhtml/assets/images/menu-small/grid/pic4.png]
[swigo.dexignzone.com/xhtml/assets/images/menu-small/grid/pic5.png]
[swigo.dexignzone.com/xhtml/assets/images/menu-small/grid/pic6.png]
[swigo.dexignzone.com/xhtml/assets/images/menu-small/grid/pic7.png]
[swigo.dexignzone.com/xhtml/assets/images/menu-small/grid/pic8.png]
[swigo.dexignzone.com/xhtml/assets/images/background/pic10.png]
[swigo.dexignzone.com/xhtml/assets/images/testimonial/large/pic1.jpg]
[swigo.dexignzone.com/xhtml/assets/images/testimonial/large/pic2.jpg]
[swigo.dexignzone.com/xhtml/assets/images/testimonial/large/pic3.jpg]
[swigo.dexignzone.com/xhtml/assets/images/blog/grid2/pic1.jpg]
[swigo.dexignzone.com/xhtml/assets/images/blog/grid2/pic2.jpg]
[swigo.dexignzone.com/xhtml/assets/images/blog/large/pic1.jpg]
[swigo.dexignzone.com/xhtml/assets/video/video.mp4]
[swigo.dexignzone.com/xhtml/assets/vendor/masonry/masonry-4.2.2.js]
[swigo.dexignzone.com/xhtml/assets/vendor/masonry/isotope.pkgd.min.js]
[swigo.dexignzone.com/xhtml/assets/vendor/imagesloaded/imagesloaded.js]
[swigo.dexignzone.com/xhtml/assets/vendor/particles/particles.js]
[swigo.dexignzone.com/xhtml/assets/vendor/particles/particles-app.js]
[swigo.dexignzone.com/xhtml/index-2.html]
[swigo.dexignzone.com/xhtml/social-home3.png]
[swigo.dexignzone.com/xhtml/assets/images/main-slider/slider3/bg.png]
[swigo.dexignzone.com/xhtml/assets/images/main-slider/slider3/offer.png]
[swigo.dexignzone.com/xhtml/assets/images/main-slider/slider3/crown.png]
[swigo.dexignzone.com/xhtml/assets/images/main-slider/slider3/burger.png]
[swigo.dexignzone.com/xhtml/assets/images/adv/pic2.png]
[swigo.dexignzone.com/xhtml/assets/images/adv/pic1.png]
[swigo.dexignzone.com/xhtml/assets/images/adv/label.png]
[swigo.dexignzone.com/xhtml/assets/images/adv/pic3.png]
[swigo.dexignzone.com/xhtml/assets/images/background/pic15.png]
[swigo.dexignzone.com/xhtml/assets/images/background/pic16.png]
[swigo.dexignzone.com/xhtml/assets/images/adv/pic4.png]
[swigo.dexignzone.com/xhtml/assets/images/gallery/grid4/pic1.jpg]
[swigo.dexignzone.com/xhtml/assets/images/gallery/grid4/pic2.jpg]
[swigo.dexignzone.com/xhtml/assets/images/gallery/grid4/pic3.jpg]
[swigo.dexignzone.com/xhtml/assets/images/gallery/grid4/pic4.jpg]
[swigo.dexignzone.com/xhtml/assets/images/gallery/grid4/pic5.jpg]
[swigo.dexignzone.com/xhtml/assets/images/gallery/grid4/pic6.jpg]
[swigo.dexignzone.com/xhtml/assets/images/background/pic13.png]
[swigo.dexignzone.com/xhtml/index-3.html]
[swigo.dexignzone.com/xhtml/assets/images/background/pic11.jpg]
[swigo.dexignzone.com/xhtml/assets/vendor/lightgallery/dist/lightgallery.min.js]
[swigo.dexignzone.com/xhtml/assets/vendor/lightgallery/dist/plugins/thumbnail/lg-thumbnail.min.js]
[swigo.dexignzone.com/xhtml/assets/vendor/lightgallery/dist/plugins/zoom/lg-zoom.min.js]
[swigo.dexignzone.com/xhtml/assets/js/custom.js]
[swigo.dexignzone.com/xhtml/about-us.html]
[swigo.dexignzone.com/xhtml/assets/images/banner/bnr2.jpg]
[swigo.dexignzone.com/xhtml/assets/images/faq/pic1.png]
[swigo.dexignzone.com/xhtml/faq.html]
[swigo.dexignzone.com/xhtml/assets/images/banner/bnr3.jpg]
[swigo.dexignzone.com/xhtml/assets/images/team/pic5.jpg]
[swigo.dexignzone.com/xhtml/assets/images/team/pic6.jpg]
[swigo.dexignzone.com/xhtml/assets/images/team/pic7.jpg]
[swigo.dexignzone.com/xhtml/assets/images/team/pic8.jpg]
[swigo.dexignzone.com/xhtml/assets/images/team/pic9.jpg]
[swigo.dexignzone.com/xhtml/assets/images/team/pic11.jpg]
[swigo.dexignzone.com/xhtml/assets/images/team/pic12.jpg]
[swigo.dexignzone.com/xhtml/assets/images/team/pic10.jpg]
[swigo.dexignzone.com/xhtml/team.html]
[swigo.dexignzone.com/xhtml/assets/images/team/detail/pic1.jpg]
[swigo.dexignzone.com/xhtml/assets/images/gallery/grid5/pic1.jpg]
[swigo.dexignzone.com/xhtml/assets/images/gallery/grid5/pic5.jpg]
[swigo.dexignzone.com/xhtml/assets/images/gallery/grid5/pic7.jpg]
[swigo.dexignzone.com/xhtml/assets/images/gallery/grid5/pic4.jpg]
[swigo.dexignzone.com/xhtml/team-detail.html]
[swigo.dexignzone.com/xhtml/assets/images/banner/bnr5.jpg]
[swigo.dexignzone.com/xhtml/testimonial.html]
[swigo.dexignzone.com/xhtml/services.html]
[swigo.dexignzone.com/xhtml/assets/images/blog/recent-blog/pic4.jpg]
[swigo.dexignzone.com/xhtml/assets/images/blog/recent-blog/pic5.jpg]
[swigo.dexignzone.com/xhtml/assets/images/blog/detail/pic2.jpg]
[swigo.dexignzone.com/xhtml/service-detail.html]
[swigo.dexignzone.com/xhtml/assets/images/background/bg1.jpg]
[swigo.dexignzone.com/xhtml/error-404.html]
[swigo.dexignzone.com/xhtml/assets/images/background/pic17.png]
[swigo.dexignzone.com/xhtml/assets/json/coming-soon.json]
[unpkg.com/@lottiefiles/lottie-player@latest/dist/lottie-player.f3.delayed]
[swigo.dexignzone.com/xhtml/coming-soon.html]
[unpkg.com/@lottiefiles/lottie-player@2.0.2/dist/lottie-player.js]
[swigo.dexignzone.com/xhtml/assets/images/background/pic18.png]
[swigo.dexignzone.com/xhtml/under-maintenance.html]
[swigo.dexignzone.com/xhtml/assets/images/gallery/grid5/pic2.jpg]
[swigo.dexignzone.com/xhtml/assets/images/gallery/grid5/pic3.jpg]
[swigo.dexignzone.com/xhtml/assets/images/gallery/grid5/pic6.jpg]
[swigo.dexignzone.com/xhtml/assets/images/gallery/grid5/pic8.jpg]
[swigo.dexignzone.com/xhtml/assets/images/gallery/grid5/pic9.jpg]
[swigo.dexignzone.com/xhtml/assets/images/gallery/grid5/pic10.jpg]
[swigo.dexignzone.com/xhtml/assets/images/gallery/grid5/pic11.jpg]
[swigo.dexignzone.com/xhtml/assets/images/gallery/grid5/pic12.jpg]
[swigo.dexignzone.com/xhtml/our-menu-2.html]
[swigo.dexignzone.com/xhtml/assets/vendor/nouislider/nouislider.min.js]
[swigo.dexignzone.com/xhtml/assets/vendor/wnumb/wNumb.js]
[swigo.dexignzone.com/xhtml/our-menu-3.html]
[swigo.dexignzone.com/xhtml/assets/images/menu-small/pic7.png]
[swigo.dexignzone.com/xhtml/assets/images/menu-small/pic8.png]
[swigo.dexignzone.com/xhtml/assets/images/menu-small/pic9.png]
[swigo.dexignzone.com/xhtml/assets/images/menu-small/pic10.png]
[swigo.dexignzone.com/xhtml/assets/images/menu-small/pic11.png]
[swigo.dexignzone.com/xhtml/assets/images/menu-small/pic12.png]
[swigo.dexignzone.com/xhtml/assets/images/menu-small/pic13.png]
[swigo.dexignzone.com/xhtml/assets/images/menu-small/pic14.png]
[swigo.dexignzone.com/xhtml/assets/images/menu-small/pic15.png]
[swigo.dexignzone.com/xhtml/our-menu-4.html]
[swigo.dexignzone.com/xhtml/assets/images/gallery/small/pic5.jpg]
[swigo.dexignzone.com/xhtml/assets/images/gallery/small/pic6.jpg]
[swigo.dexignzone.com/xhtml/assets/images/gallery/small/pic7.jpg]
[swigo.dexignzone.com/xhtml/assets/images/gallery/small/pic8.jpg]
[swigo.dexignzone.com/xhtml/assets/images/gallery/small/pic9.jpg]
[swigo.dexignzone.com/xhtml/assets/images/gallery/small/pic10.jpg]
[swigo.dexignzone.com/xhtml/assets/images/gallery/small/pic11.jpg]
[swigo.dexignzone.com/xhtml/assets/images/gallery/small/pic12.jpg]
[swigo.dexignzone.com/xhtml/our-menu-5.html]
[swigo.dexignzone.com/xhtml/shop-style-1.html]
[swigo.dexignzone.com/xhtml/shop-style-2.html]
[swigo.dexignzone.com/xhtml/shop-wishlist.html]
[swigo.dexignzone.com/xhtml/shop-checkout.html]
[swigo.dexignzone.com/xhtml/assets/images/blog/grid3/pic1.jpg]
[swigo.dexignzone.com/xhtml/assets/images/blog/grid3/pic2.jpg]
[swigo.dexignzone.com/xhtml/assets/images/blog/grid3/pic3.jpg]
[swigo.dexignzone.com/xhtml/assets/images/blog/grid3/pic4.jpg]
[swigo.dexignzone.com/xhtml/assets/images/blog/grid3/pic5.jpg]
[swigo.dexignzone.com/xhtml/assets/images/blog/grid3/pic6.jpg]
[swigo.dexignzone.com/xhtml/blog-grid-2.html]
[swigo.dexignzone.com/xhtml/blog-grid-3.html]
[swigo.dexignzone.com/xhtml/assets/images/blog/recent-blog/pic1.jpg]
[swigo.dexignzone.com/xhtml/assets/images/blog/recent-blog/pic2.jpg]
[swigo.dexignzone.com/xhtml/assets/images/blog/recent-blog/pic3.jpg]
[swigo.dexignzone.com/xhtml/assets/images/blog/grid3/pic7.jpg]
[swigo.dexignzone.com/xhtml/assets/images/blog/grid3/pic8.jpg]
[swigo.dexignzone.com/xhtml/assets/images/blog/grid3/pic9.jpg]
[swigo.dexignzone.com/xhtml/assets/images/blog/grid3/pic10.jpg]
[swigo.dexignzone.com/xhtml/blog-grid-left-sidebar.html]
[swigo.dexignzone.com/xhtml/blog-grid-right-sidebar.html]
[swigo.dexignzone.com/xhtml/assets/images/blog/grid/pic5.jpg]
[swigo.dexignzone.com/xhtml/assets/images/blog/grid/pic6.jpg]
[swigo.dexignzone.com/xhtml/assets/images/blog/grid/pic7.jpg]
[swigo.dexignzone.com/xhtml/assets/images/blog/grid/pic8.jpg]
[swigo.dexignzone.com/xhtml/blog-list.html]
[swigo.dexignzone.com/xhtml/blog-list-left-sidebar.html]
[swigo.dexignzone.com/xhtml/blog-list-right-sidebar.html]
[swigo.dexignzone.com/xhtml/blog-both-sidebar.html]
[swigo.dexignzone.com/xhtml/assets/images/blog/detail/pic1.jpg]
[swigo.dexignzone.com/xhtml/blog-standard.html]
[swigo.dexignzone.com/xhtml/assets/images/background/pic20.png]
[swigo.dexignzone.com/xhtml/assets/images/blog/detail/pic3.jpg]
[swigo.dexignzone.com/xhtml/assets/images/blog/detail/pic4.jpg]
[swigo.dexignzone.com/xhtml/assets/images/blog/detail/pic5.jpg]
[swigo.dexignzone.com/xhtml/assets/images/blog/detail/pic6.jpg]
[swigo.dexignzone.com/xhtml/assets/images/blog/detail/pic7.jpg]
[swigo.dexignzone.com/xhtml/assets/images/background/pic21.png]
[swigo.dexignzone.com/xhtml/assets/images/blog/detail/author.jpg]
[swigo.dexignzone.com/xhtml/assets/images/blog/detail/signing.png]
[swigo.dexignzone.com/xhtml/blog-open-gutenberg.html]
[swigo.dexignzone.com/xhtml/blog-detail-left-sidebar.html]
[swigo.dexignzone.com/xhtml/blog-detail-right-sidebar.html]
[swigo.dexignzone.com/xhtml/blog-grid-3-masonary.html]
[swigo.dexignzone.com/xhtml/blog-grid-4-masonary.html]
[swigo.dexignzone.com/xhtml/blog-wide-list-sidebar.html]
[swigo.dexignzone.com/xhtml/blog-wide-grid-sidebar.html]
[www.google.com/recaptcha/api.js]
[swigo.dexignzone.com/xhtml/contact-us.html]
[swigo.dexignzone.com/xhtml/assets/vendor/rangeslider/images/ui-bg_glass_55_fbf9ee_1x400.html]
[swigo.dexignzone.com/xhtml/assets/vendor/rangeslider/images/ui-bg_glass_95_fef1ec_1x400.html]
[swigo.dexignzone.com/xhtml/assets/vendor/rangeslider/images/ui-icons_222222_256x240.html]
[swigo.dexignzone.com/xhtml/assets/vendor/rangeslider/images/ui-icons_888888_256x240.html]
[swigo.dexignzone.com/xhtml/assets/vendor/rangeslider/images/ui-icons_454545_256x240.html]
[swigo.dexignzone.com/xhtml/assets/vendor/rangeslider/images/ui-icons_2e83ff_256x240.html]
[swigo.dexignzone.com/xhtml/assets/vendor/rangeslider/images/ui-icons_cd0a0a_256x240.html]
[swigo.dexignzone.com/xhtml/assets/icons/line-awesome/fonts/la-brands-400.eot]
[swigo.dexignzone.com/xhtml/assets/icons/line-awesome/fonts/la-brands-400d41d.eot]
[swigo.dexignzone.com/xhtml/assets/icons/line-awesome/fonts/la-brands-400.woff2]
[swigo.dexignzone.com/xhtml/assets/icons/line-awesome/fonts/la-brands-400.woff]
[swigo.dexignzone.com/xhtml/assets/icons/line-awesome/fonts/la-brands-400.ttf]
[swigo.dexignzone.com/xhtml/assets/icons/line-awesome/fonts/la-regular-400.eot]
[swigo.dexignzone.com/xhtml/assets/icons/line-awesome/fonts/la-regular-400d41d.eot]
[swigo.dexignzone.com/xhtml/assets/icons/line-awesome/fonts/la-regular-400.woff2]
[swigo.dexignzone.com/xhtml/assets/icons/line-awesome/fonts/la-regular-400.woff]
[swigo.dexignzone.com/xhtml/assets/icons/line-awesome/fonts/la-regular-400.ttf]
[swigo.dexignzone.com/xhtml/assets/icons/line-awesome/fonts/la-solid-900.eot]
[swigo.dexignzone.com/xhtml/assets/icons/line-awesome/fonts/la-solid-900d41d.eot]
[swigo.dexignzone.com/xhtml/assets/icons/line-awesome/fonts/la-solid-900.woff2]
[swigo.dexignzone.com/xhtml/assets/icons/line-awesome/fonts/la-solid-900.woff]
[swigo.dexignzone.com/xhtml/assets/icons/line-awesome/fonts/la-solid-900.ttf]
[swigo.dexignzone.com/xhtml/assets/icons/line-awesome/css/line-awesome.min.css]
[swigo.dexignzone.com/xhtml/assets/icons/font-awesome/webfonts/fa-brands-400.woff2]
[swigo.dexignzone.com/xhtml/assets/icons/font-awesome/webfonts/fa-brands-400.ttf]
[swigo.dexignzone.com/xhtml/assets/icons/font-awesome/webfonts/fa-regular-400.woff2]
[swigo.dexignzone.com/xhtml/assets/icons/font-awesome/webfonts/fa-regular-400.ttf]
[swigo.dexignzone.com/xhtml/assets/icons/font-awesome/webfonts/fa-solid-900.woff2]
[swigo.dexignzone.com/xhtml/assets/icons/font-awesome/webfonts/fa-solid-900.ttf]
[swigo.dexignzone.com/xhtml/assets/icons/font-awesome/webfonts/fa-v4compatibility.woff2]
[swigo.dexignzone.com/xhtml/assets/icons/font-awesome/webfonts/fa-v4compatibility.ttf]
[swigo.dexignzone.com/xhtml/assets/icons/font-awesome/css/all.min.css]
[swigo.dexignzone.com/xhtml/assets/icons/themify/fonts/themify9f24.eot]
[swigo.dexignzone.com/xhtml/assets/icons/themify/fonts/themifyd41d.eot]
[swigo.dexignzone.com/xhtml/assets/icons/themify/fonts/themify9f24.woff]
[swigo.dexignzone.com/xhtml/assets/icons/themify/fonts/themify9f24.ttf]
[swigo.dexignzone.com/xhtml/assets/icons/themify/themify-icons.css]
[swigo.dexignzone.com/xhtml/assets/icons/flaticon/flaticon_swigo1845.ttf]
[swigo.dexignzone.com/xhtml/assets/icons/flaticon/flaticon_swigo1845.woff]
[swigo.dexignzone.com/xhtml/assets/icons/flaticon/flaticon_swigo1845.woff2]
[swigo.dexignzone.com/xhtml/assets/icons/flaticon/flaticon_swigo1845.eot]
[swigo.dexignzone.com/xhtml/assets/icons/flaticon/flaticon_swigo.css]
[swigo.dexignzone.com/xhtml/assets/icons/feather/fonts/feathere8ab.eot]
[swigo.dexignzone.com/xhtml/assets/icons/feather/fonts/feathere8ab.woff]
[swigo.dexignzone.com/xhtml/assets/icons/feather/fonts/feathere8ab.ttf]
[swigo.dexignzone.com/xhtml/assets/icons/feather/css/iconfont.css]
[swigo.dexignzone.com/xhtml/assets/images/background/bg-pattern1.html]
[swigo.dexignzone.com/xhtml/assets/images/background/bg-pattern2.html]
[swigo.dexignzone.com/xhtml/assets/images/banner/bnr-3-s2.html]
[swigo.dexignzone.com/xhtml/assets/vendor/lightgallery/dist/fonts/lgb687.woff2]
[swigo.dexignzone.com/xhtml/assets/vendor/lightgallery/dist/fonts/lgb687.ttf]
[swigo.dexignzone.com/xhtml/assets/vendor/lightgallery/dist/fonts/lgb687.woff]
[swigo.dexignzone.com/xhtml/assets/vendor/lightgallery/dist/images/loading.gif]
[swigo.dexignzone.com/xhtml/assets/vendor/lightgallery/dist/css/lightgallery.css]
[swigo.dexignzone.com/xhtml/assets/vendor/lightgallery/dist/css/lg-thumbnail.css]
[swigo.dexignzone.com/xhtml/assets/vendor/lightgallery/dist/css/lg-zoom.css]
[swigo.dexignzone.com/xhtml/assets/ajax/testimonial.html]
[swigo.dexignzone.com/xhtml/transparent.html]
[swigo.dexignzone.com/xhtml/assets/vendor/nouislider/nouislider.min.css]
[swigo.dexignzone.com/xhtml/assets/ajax/blog-grid-2.html]
[swigo.dexignzone.com/xhtml/assets/ajax/blog-grid-3.html]
[swigo.dexignzone.com/xhtml/assets/ajax/blog-list.html]
[swigo.dexignzone.com/xhtml/assets/ajax/blog-list-sidebar.html]
[swigo.dexignzone.com/xhtml/assets/icons/line-awesome/fonts/la-brands-400.svg]
[swigo.dexignzone.com/xhtml/assets/icons/line-awesome/fonts/la-regular-400.svg]
[swigo.dexignzone.com/xhtml/assets/icons/line-awesome/fonts/la-solid-900.svg]
[swigo.dexignzone.com/xhtml/assets/icons/themify/fonts/themify9f24.svg]
[swigo.dexignzone.com/xhtml/assets/icons/flaticon/flaticon_swigo1845.svg]
[swigo.dexignzone.com/xhtml/assets/icons/feather/fonts/feathere8ab.svg]
[swigo.dexignzone.com/xhtml/assets/vendor/lightgallery/dist/fonts/lgb687.svg]
[swigo.dexignzone.com/xhtml/assets/ajax/assets/images/testimonial/large/pic2.html]
[swigo.dexignzone.com/xhtml/assets/ajax/assets/images/testimonial/large/pic3.html]
[swigo.dexignzone.com/xhtml/assets/ajax/blog-standard.html]
[swigo.dexignzone.com/xhtml/assets/ajax/assets/images/blog/grid3/pic1.html]
[swigo.dexignzone.com/xhtml/assets/ajax/assets/images/blog/grid3/pic2.html]
[swigo.dexignzone.com/xhtml/assets/ajax/assets/images/blog/grid3/pic3.html]
[swigo.dexignzone.com/xhtml/assets/ajax/assets/images/blog/grid/pic1.html]
[swigo.dexignzone.com/xhtml/assets/ajax/assets/images/blog/grid/pic2.html]
